C51 COMPILER V9.54   MAIN                                                                  02/01/2023 20:28:46 PAGE 1   


C51 COMPILER V9.54, COMPILATION OF MODULE MAIN
OBJECT MODULE PLACED IN .\Objects\main.obj
COMPILER INVOKED BY: D:\Keil5\C51\BIN\C51.EXE main.c OPTIMIZE(8,SPEED) BROWSE DEBUG OBJECTEXTEND PRINT(.\Listings\main.l
                    -st) TABS(2) OBJECT(.\Objects\main.obj)

line level    source

   1          #include <at89c51RC2.h>
   2          #include <INTRINS.H>
   3          
   4          void Delay1ms(unsigned int xms)   //@11.0592MHz
   5          {
   6   1        unsigned char i, j;
   7   1        while(xms--)
   8   1        {
   9   2          nop_();
  10   2          i = 2;
  11   2          j = 199;
  12   2          do
  13   2          {
  14   3            while (--j);
  15   3          } while (--i);
  16   2        }
  17   1      }
  18          
  19          void main()
  20          {
  21   1        unsigned char LEDNUM;
  22   1        P2=~0x01;
  23   1        while(1)
  24   1        {
  25   2          if(P3_1==0)
  26   2          {
  27   3            Delay1ms(20);
  28   3            while(P3_1==0);
  29   3            Delay1ms(20);
  30   3            LEDNUM++;
  31   3            if(LEDNUM>=8)
  32   3              LEDNUM=0;
  33   3            P2=~(0x01<<LEDNUM);
  34   3          }
  35   2          if(P3_0==0)
  36   2          {
  37   3            Delay1ms(20);
  38   3            while(P3_0==0);
  39   3            Delay1ms(20);
  40   3            if(LEDNUM==0)
  41   3              LEDNUM=7;
  42   3            else
  43   3              LEDNUM--;
  44   3            P2=~(0x01<<LEDNUM);   
  45   3          }
  46   2        }
  47   1      }


MODULE INFORMATION:   STATIC OVERLAYABLE
   CODE SIZE        =    100    ----
   CONSTANT SIZE    =   ----    ----
   XDATA SIZE       =   ----    ----
   PDATA SIZE       =   ----    ----
C51 COMPILER V9.54   MAIN                                                                  02/01/2023 20:28:46 PAGE 2   

   DATA SIZE        =   ----    ----
   IDATA SIZE       =   ----    ----
   BIT SIZE         =   ----    ----
END OF MODULE INFORMATION.


C51 COMPILATION COMPLETE.  0 WARNING(S),  0 ERROR(S)
