C51 COMPILER V9.54   MAIN                                                                  02/02/2023 17:42:02 PAGE 1   


C51 COMPILER V9.54, COMPILATION OF MODULE MAIN
OBJECT MODULE PLACED IN .\Objects\main.obj
COMPILER INVOKED BY: D:\Keil5\C51\BIN\C51.EXE main.c OPTIMIZE(8,SPEED) BROWSE DEBUG OBJECTEXTEND PRINT(.\Listings\main.l
                    -st) TABS(2) OBJECT(.\Objects\main.obj)

line level    source

   1          #include <at89c51RC2.h>
   2          #include "LCD1602.h"
   3          #include "Delay.h"
   4          
   5          int result=0;
   6          
   7          void main()
   8          {
   9   1        LCD_Init();
  10   1        LCD_ShowChar(1,1,'A');
  11   1        LCD_ShowString(1,3,"HEllo");
  12   1        LCD_ShowSignedNum(1,13,-66,2);
  13   1        LCD_ShowHexNum(2,1,0xA8,2);
  14   1        LCD_ShowBinNum(2,4,0xAA,8);
  15   1        while(1)
  16   1        {
  17   2          result++;
  18   2          Delay(1000);
  19   2          LCD_ShowNum(1,9,result,3);
  20   2        }
  21   1      }


MODULE INFORMATION:   STATIC OVERLAYABLE
   CODE SIZE        =     98    ----
   CONSTANT SIZE    =      6    ----
   XDATA SIZE       =   ----    ----
   PDATA SIZE       =   ----    ----
   DATA SIZE        =      2    ----
   IDATA SIZE       =   ----    ----
   BIT SIZE         =   ----    ----
END OF MODULE INFORMATION.


C51 COMPILATION COMPLETE.  0 WARNING(S),  0 ERROR(S)
